// Jest Snapshot v1, https://goo.gl/fbAQLP

exports[`Film should match the snapshot 1`] = `
ShallowWrapper {
  Symbol(enzyme.__root__): [Circular],
  Symbol(enzyme.__unrendered__): <Film
    date="Saturday, May 17th 1980"
    title="Empire Strikes Back"
/>,
  Symbol(enzyme.__renderer__): Object {
    "batchedUpdates": [Function],
    "getNode": [Function],
    "render": [Function],
    "simulateError": [Function],
    "simulateEvent": [Function],
    "unmount": [Function],
  },
  Symbol(enzyme.__node__): Object {
    "instance": null,
    "key": undefined,
    "nodeType": "host",
    "props": Object {
      "children": Array [
        "Empire Strikes Back",
        " - ",
        "Saturday, May 17th 1980",
      ],
    },
    "ref": null,
    "rendered": Array [
      "Empire Strikes Back",
      " - ",
      "Saturday, May 17th 1980",
    ],
    "type": "li",
  },
  Symbol(enzyme.__nodes__): Array [
    Object {
      "instance": null,
      "key": undefined,
      "nodeType": "host",
      "props": Object {
        "children": Array [
          "Empire Strikes Back",
          " - ",
          "Saturday, May 17th 1980",
        ],
      },
      "ref": null,
      "rendered": Array [
        "Empire Strikes Back",
        " - ",
        "Saturday, May 17th 1980",
      ],
      "type": "li",
    },
  ],
  Symbol(enzyme.__options__): Object {
    "adapter": ReactSixteenAdapter {
      "options": Object {
        "enableComponentDidUpdateOnSetState": true,
        "lifecycles": Object {
          "componentDidUpdate": Object {
            "onSetState": true,
          },
          "getDerivedStateFromProps": true,
          "getSnapshotBeforeUpdate": true,
          "setState": Object {
            "skipsComponentDidUpdateOnNullish": true,
          },
        },
      },
    },
    "attachTo": undefined,
    "hydrateIn": undefined,
  },
}
`;
